current directory: /home/alassane_diagne/test_ruby/Etp4Africa-/Semaine4/Journee3/vendor/bundle/ruby/3.2.0/gems/date-3.5.1/ext/date
/usr/bin/ruby3.2 -I/usr/lib/ruby/vendor_ruby extconf.rb
checking for rb_category_warn()... yes
checking for timezone in time.h with  -Werror... yes
checking for altzone in time.h with  -Werror... no
creating Makefile

current directory: /home/alassane_diagne/test_ruby/Etp4Africa-/Semaine4/Journee3/vendor/bundle/ruby/3.2.0/gems/date-3.5.1/ext/date
make DESTDIR\= sitearchdir\=./.gem.20260312-811-r201pj sitelibdir\=./.gem.20260312-811-r201pj clean

current directory: /home/alassane_diagne/test_ruby/Etp4Africa-/Semaine4/Journee3/vendor/bundle/ruby/3.2.0/gems/date-3.5.1/ext/date
make DESTDIR\= sitearchdir\=./.gem.20260312-811-r201pj sitelibdir\=./.gem.20260312-811-r201pj
compiling date_core.c
compiling date_parse.c
compiling date_strftime.c
compiling date_strptime.c
linking shared-object date_core.so

current directory: /home/alassane_diagne/test_ruby/Etp4Africa-/Semaine4/Journee3/vendor/bundle/ruby/3.2.0/gems/date-3.5.1/ext/date
make DESTDIR\= sitearchdir\=./.gem.20260312-811-r201pj sitelibdir\=./.gem.20260312-811-r201pj install
/usr/bin/install -c -m 0755 date_core.so ./.gem.20260312-811-r201pj

current directory: /home/alassane_diagne/test_ruby/Etp4Africa-/Semaine4/Journee3/vendor/bundle/ruby/3.2.0/gems/date-3.5.1/ext/date
make DESTDIR\= sitearchdir\=./.gem.20260312-811-r201pj sitelibdir\=./.gem.20260312-811-r201pj clean
